[INFO] Scanning for projects...
[INFO] 
[INFO] -----------------< the.bytecode.club:Bytecode-Viewer >------------------
[INFO] Building Bytecode-Viewer 2.13.2
[INFO]   from pom.xml
[INFO] --------------------------------[ jar ]---------------------------------
[INFO] 
[INFO] --- resources:3.4.0:resources (default-resources) @ Bytecode-Viewer ---
[INFO] Copying 98 resources from src/main/resources to target/classes
[INFO] 
[INFO] --- compiler:3.14.1:compile (default-compile) @ Bytecode-Viewer ---
[INFO] Nothing to compile - all classes are up to date.
[INFO] 
[INFO] --- resources:3.4.0:testResources (default-testResources) @ Bytecode-Viewer ---
[INFO] skip non existing resourceDirectory /data/code/src/test/resources
[INFO] 
[INFO] --- compiler:3.14.1:testCompile (default-testCompile) @ Bytecode-Viewer ---
[INFO] Recompiling the module because of changed source code.
[INFO] Compiling 1 source file with javac [debug deprecation target 25] to target/test-classes
[INFO] 
[INFO] --- surefire:3.5.4:test (default-test) @ Bytecode-Viewer ---
[INFO] ------------------------------------------------------------------------
[INFO] BUILD SUCCESS
[INFO] ------------------------------------------------------------------------
[INFO] Total time:  13.807 s
[INFO] Finished at: 2026-05-12T07:05:02Z
[INFO] ------------------------------------------------------------------------
